// Jest Snapshot v1, https://goo.gl/fbAQLP

exports[`#censys.v1.client get account data 1`] = `
Object {
  "email": "test@censys.io",
  "first_login": "2020-01-12 12:00:00",
  "last_login": "2021-01-12 12:00:00.000000",
  "login": "test@censys.io",
  "quota": Object {
    "allowance": 500000,
    "resets_at": "2021-01-12 12:00:00",
    "used": 0,
  },
}
`;
