// Jest Snapshot v1, https://goo.gl/fbAQLP

exports[`#censys.v1.data get series 1`] = `
Object {
  "primary_series": Array [],
  "raw_series": Array [],
}
`;

exports[`#censys.v1.data view result 1`] = `
Object {
  "files": Object {
    "filename": Object {
      "file_type": "data",
    },
  },
}
`;

exports[`#censys.v1.data view series 1`] = `
Object {
  "description": "(e.g., HTTP, SMTP, MySQL) running on all publicly-accessible IPv4 hosts.",
  "results": Object {
    "historical": Array [],
  },
}
`;
